    0    1v   97
    1    1    1    1    1v    4
   35
   40   30   60  120
18900

Completion took 1 ms