    0    1v   97
v    4
   35
   40   30   60  120
18900
testB
Completion took 1 ms