    3
a
b
c

a
bb
ccc
dddd
eeeee

kraj
Completion took 0 ms